// Jest Snapshot v1, https://goo.gl/fbAQLP

exports[`<RegisterContainer /> should match the snapshot 1`] = `
<div
  className="row login-container"
>
  <WelcomeSection />
  <Connect(RegistrationForm) />
</div>
`;
